Running main() from /home/changqi/research/UnifiedORAMHub/worktrees/onion-ring-oram/build/_deps/googletest-src/googletest/src/gtest_main.cc
Note: Google Test filter = OnionRingE2ETest.DISABLED_PaperCryptoAmortizedDelayFourLevelTree
[==========] Running 1 test from 1 test suite.
[----------] Global test environment set-up.
[----------] 1 test from OnionRingE2ETest
[ RUN      ] OnionRingE2ETest.DISABLED_PaperCryptoAmortizedDelayFourLevelTree
AddressSanitizer: Out of memory. The process has exhausted 65536MB for size class 20480.
=================================================================
==2780494==ERROR: AddressSanitizer: out of memory: allocator is trying to allocate 0x4000 bytes
    #0 0x71980fd2346b in operator new[](unsigned long) ../../../../src/libsanitizer/asan/asan_new_delete.cpp:89
    #1 0x71981045c635 in TorusPolynomial::TorusPolynomial(int) /home/changqi/research/UnifiedORAMHub/worktrees/onion-ring-oram/third_party/tfhe64/src/libtfhe/multiplication.cpp:39
    #2 0x71981045a9be in new_TorusPolynomial /home/changqi/research/UnifiedORAMHub/worktrees/onion-ring-oram/third_party/tfhe64/src/libtfhe/autogenerated.cpp:359
    #3 0x71981045ca16 in torusPolynomialAddMulRNaive /home/changqi/research/UnifiedORAMHub/worktrees/onion-ring-oram/third_party/tfhe64/src/libtfhe/multiplication.cpp:95
    #4 0x7198104608d5 in tLweAddMulRTo /home/changqi/research/UnifiedORAMHub/worktrees/onion-ring-oram/third_party/tfhe64/src/libtfhe/tlwe-functions.cpp:195
    #5 0x719810461dfb in tGswExternProduct /home/changqi/research/UnifiedORAMHub/worktrees/onion-ring-oram/third_party/tfhe64/src/libtfhe/tgsw-functions.cpp:432
    #6 0x5acd560410eb in oram::onion_ring::ExternalProductWithParams(TLweSample*, TGswSample const*, TLweSample const*, TGswParams const*) /home/changqi/research/UnifiedORAMHub/worktrees/onion-ring-oram/src/onion_ring/HomOps.cpp:40
    #7 0x5acd5605bc30 in LiftExpandedRlweRows /home/changqi/research/UnifiedORAMHub/worktrees/onion-ring-oram/src/onion_ring/HomExpand.cpp:324
    #8 0x5acd5605cb72 in oram::onion_ring::HomExpandPackedSwapBits(oram::onion_ring::PackedSwapBitPayload const&, oram::onion_ring::ExpansionBundle const&, oram::onion_ring::TFHEContext const&) /home/changqi/research/UnifiedORAMHub/worktrees/onion-ring-oram/src/onion_ring/HomExpand.cpp:382
    #9 0x5acd5606d56c in operator() /home/changqi/research/UnifiedORAMHub/worktrees/onion-ring-oram/src/onion_ring/OnionRingServer.cpp:219
    #10 0x5acd5606ec99 in oram::onion_ring::OnionRingServer::HandleEvictTriplet() /home/changqi/research/UnifiedORAMHub/worktrees/onion-ring-oram/src/onion_ring/OnionRingServer.cpp:240
    #11 0x5acd560715b0 in oram::onion_ring::OnionRingServer::HandleRequests() /home/changqi/research/UnifiedORAMHub/worktrees/onion-ring-oram/src/onion_ring/OnionRingServer.cpp:324
    #12 0x5acd55fff93c in operator() /home/changqi/research/UnifiedORAMHub/worktrees/onion-ring-oram/test/onion_ring/onion_ring_e2e_test.cpp:112
    #13 0x5acd5601ac25 in __invoke_impl<void, oram::onion_ring::(anonymous namespace)::OnionRingE2ETest::StartServer(const oram::onion_ring::RuntimeConfig&)::<lambda()> > /usr/include/c++/14/bits/invoke.h:61
    #14 0x5acd5601ab97 in __invoke<oram::onion_ring::(anonymous namespace)::OnionRingE2ETest::StartServer(const oram::onion_ring::RuntimeConfig&)::<lambda()> > /usr/include/c++/14/bits/invoke.h:96
    #15 0x5acd5601aa47 in _M_invoke<0> /usr/include/c++/14/bits/std_thread.h:301
    #16 0x5acd5601a97d in operator() /usr/include/c++/14/bits/std_thread.h:308
    #17 0x5acd56019225 in _M_run /usr/include/c++/14/bits/std_thread.h:253
    #18 0x71980f2f2323  (/lib/x86_64-linux-gnu/libstdc++.so.6+0xf2323) (BuildId: 8d4f2235ec34ae33c412aa436c18ef4618f2efa6)
    #19 0x71980fc5f972 in asan_thread_start ../../../../src/libsanitizer/asan/asan_interceptors.cpp:239
    #20 0x71980e6a27f0 in start_thread nptl/pthread_create.c:448

==2780494==HINT: if you don't care about these errors you may set allocator_may_return_null=1
SUMMARY: AddressSanitizer: out-of-memory /home/changqi/research/UnifiedORAMHub/worktrees/onion-ring-oram/third_party/tfhe64/src/libtfhe/multiplication.cpp:39 in TorusPolynomial::TorusPolynomial(int)
Thread T1 created by T0 here:
    #0 0x71980fd1982a in pthread_create ../../../../src/libsanitizer/asan/asan_interceptors.cpp:250
    #1 0x71980f2f2410 in std::thread::_M_start_thread(std::unique_ptr<std::thread::_State, std::default_delete<std::thread::_State> >, void (*)()) (/lib/x86_64-linux-gnu/libstdc++.so.6+0xf2410) (BuildId: 8d4f2235ec34ae33c412aa436c18ef4618f2efa6)
    #2 0x5acd56013987 in thread<oram::onion_ring::(anonymous namespace)::OnionRingE2ETest::StartServer(const oram::onion_ring::RuntimeConfig&)::<lambda()> > /usr/include/c++/14/bits/std_thread.h:173
    #3 0x5acd55ffffe9 in StartServer /home/changqi/research/UnifiedORAMHub/worktrees/onion-ring-oram/test/onion_ring/onion_ring_e2e_test.cpp:113
    #4 0x5acd5600f728 in TestBody /home/changqi/research/UnifiedORAMHub/worktrees/onion-ring-oram/test/onion_ring/onion_ring_e2e_test.cpp:315
    #5 0x5acd561bcb33 in void testing::internal::HandleSehExceptionsInMethodIfSupported<testing::Test, void>(testing::Test*, void (testing::Test::*)(), char const*) /home/changqi/research/UnifiedORAMHub/worktrees/onion-ring-oram/build/_deps/googletest-src/googletest/src/gtest.cc:2612
    #6 0x5acd5619614e in void testing::internal::HandleExceptionsInMethodIfSupported<testing::Test, void>(testing::Test*, void (testing::Test::*)(), char const*) /home/changqi/research/UnifiedORAMHub/worktrees/onion-ring-oram/build/_deps/googletest-src/googletest/src/gtest.cc:2648
    #7 0x5acd560e4885 in testing::Test::Run() /home/changqi/research/UnifiedORAMHub/worktrees/onion-ring-oram/build/_deps/googletest-src/googletest/src/gtest.cc:2687
    #8 0x5acd560e8713 in testing::TestInfo::Run() /home/changqi/research/UnifiedORAMHub/worktrees/onion-ring-oram/build/_deps/googletest-src/googletest/src/gtest.cc:2836
    #9 0x5acd560ed520 in testing::TestSuite::Run() /home/changqi/research/UnifiedORAMHub/worktrees/onion-ring-oram/build/_deps/googletest-src/googletest/src/gtest.cc:3015
    #10 0x5acd56134bd7 in testing::internal::UnitTestImpl::RunAllTests() /home/changqi/research/UnifiedORAMHub/worktrees/onion-ring-oram/build/_deps/googletest-src/googletest/src/gtest.cc:5920
    #11 0x5acd561c334b in bool testing::internal::HandleSehExceptionsInMethodIfSupported<testing::internal::UnitTestImpl, bool>(testing::internal::UnitTestImpl*, bool (testing::internal::UnitTestImpl::*)(), char const*) /home/changqi/research/UnifiedORAMHub/worktrees/onion-ring-oram/build/_deps/googletest-src/googletest/src/gtest.cc:2612
    #12 0x5acd5619c5cf in bool testing::internal::HandleExceptionsInMethodIfSupported<testing::internal::UnitTestImpl, bool>(testing::internal::UnitTestImpl*, bool (testing::internal::UnitTestImpl::*)(), char const*) /home/changqi/research/UnifiedORAMHub/worktrees/onion-ring-oram/build/_deps/googletest-src/googletest/src/gtest.cc:2648
    #13 0x5acd561274c5 in testing::UnitTest::Run() /home/changqi/research/UnifiedORAMHub/worktrees/onion-ring-oram/build/_deps/googletest-src/googletest/src/gtest.cc:5484
    #14 0x5acd56216f4a in RUN_ALL_TESTS() /home/changqi/research/UnifiedORAMHub/worktrees/onion-ring-oram/build/_deps/googletest-src/googletest/include/gtest/gtest.h:2317
    #15 0x5acd56216d97 in main /home/changqi/research/UnifiedORAMHub/worktrees/onion-ring-oram/build/_deps/googletest-src/googletest/src/gtest_main.cc:64
    #16 0x71980e62a577 in __libc_start_call_main ../sysdeps/nptl/libc_start_call_main.h:58
    #17 0x71980e62a63a in __libc_start_main_impl ../csu/libc-start.c:360
    #18 0x5acd55f3fc14 in _start (/home/changqi/research/UnifiedORAMHub/worktrees/onion-ring-oram/build/test/onion_ring_tests+0x514c14) (BuildId: e22e47629cbad3aefadb322dcb47735a189861c3)

==2780494==ABORTING
Command exited with non-zero status 1
	Command being timed: "./build/test/onion_ring_tests --gtest_also_run_disabled_tests --gtest_filter=OnionRingE2ETest.DISABLED_PaperCryptoAmortizedDelayFourLevelTree"
	User time (seconds): 198681.33
	System time (seconds): 56.86
	Percent of CPU this job got: 99%
	Elapsed (wall clock) time (h:mm:ss or m:ss): 55:14:08
	Average shared text size (kbytes): 0
	Average unshared data size (kbytes): 0
	Average stack size (kbytes): 0
	Average total size (kbytes): 0
	Maximum resident set size (kbytes): 66495140
	Average resident set size (kbytes): 0
	Major (requiring I/O) page faults: 63
	Minor (reclaiming a frame) page faults: 44549350
	Voluntary context switches: 1936
	Involuntary context switches: 8905067
	Swaps: 0
	File system inputs: 29808
	File system outputs: 0
	Socket messages sent: 0
	Socket messages received: 0
	Signals delivered: 0
	Page size (bytes): 4096
	Exit status: 1
